2026-01-06 14:26:38,189 - ✅ KUESA OK (1.32s)
2026-01-06 14:26:39,918 - ✅ Sccodev OK (1.73s)
2026-01-06 14:44:16,016 - ✅ KUESA OK (1.79s)
2026-01-06 14:44:18,018 - ✅ Sccodev OK (1.99s)
2026-01-06 14:56:47,810 - ✅ KUESA OK (1.57s)
2026-01-06 14:56:49,080 - ✅ Sccodev OK (1.27s)
2026-01-06 15:08:03,950 - ✅ KUESA OK (1.21s)
2026-01-06 15:08:05,344 - ✅ Sccodev OK (1.39s)
2026-01-06 15:08:06,510 - ✅ NewRain OK (1.16s)
2026-01-06 15:08:08,097 - ⚠️ ODPC BAD RESPONSE (404)
2026-01-06 15:08:13,115 - Failed to send email: [Errno -2] Name or service not known
2026-01-06 15:08:14,022 - ✅ AgentAssistant OK (0.91s)
2026-01-06 15:08:14,931 - ✅ Ammerah OK (0.91s)
2026-01-06 15:08:15,804 - ✅ MPSR OK (0.87s)
2026-01-06 15:09:31,956 - ✅ KUESA OK (1.23s)
2026-01-06 15:09:33,389 - ✅ Sccodev OK (1.43s)
2026-01-06 15:09:34,475 - ✅ NewRain OK (1.08s)
2026-01-06 15:09:36,256 - ⚠️ ODPC BAD RESPONSE (404)
2026-01-06 15:09:36,273 - Failed to send email: [Errno -2] Name or service not known
2026-01-06 15:09:37,201 - ✅ AgentAssistant OK (0.93s)
2026-01-06 15:09:38,183 - ✅ Ammerah OK (0.98s)
2026-01-06 15:09:39,028 - ✅ MPSR OK (0.84s)2026-01-06 15:32:50,610 - ✅ KUESA OK (0.96s)
2026-01-06 15:32:51,546 - ✅ Sccodev OK (0.94s)
2026-01-06 15:32:52,552 - ✅ NewRain OK (1.0s)
2026-01-06 15:32:54,009 - ⚠️ ODPC BAD RESPONSE (404)
2026-01-06 15:32:59,033 - Failed to send email: [Errno -2] Name or service not known
2026-01-06 15:33:00,111 - ✅ AgentAssistant OK (1.08s)
2026-01-06 15:33:01,085 - ✅ Ammerah OK (0.97s)
2026-01-06 15:33:02,392 - ✅ MPSR OK (1.31s)
2026-01-07 09:28:27,065 - ✅ KUESA OK (1.04s)
2026-01-07 09:28:28,015 - ✅ Sccodev OK (0.95s)
2026-01-07 09:28:29,023 - ✅ NewRain OK (1.0s)
2026-01-07 09:28:30,390 - ⚠️ ODPC BAD RESPONSE (404)
2026-01-07 09:28:35,412 - Failed to send email: [Errno -2] Name or service not known
2026-01-07 09:28:36,915 - ✅ AgentAssistant OK (1.5s)
2026-01-07 09:28:57,034 - ❌ Ammerah ERROR: HTTPConnectionPool(host='ameerah.sandbox.think.ke', port=80): Max retries exceeded with url: / (Caused by ConnectTimeoutError(<HTTPConnection(host='ameerah.sandbox.think.ke', port=80) at 0x78432786ee70>, 'Connection to ameerah.sandbox.think.ke timed out. (connect timeout=20)'))
2026-01-07 09:28:57,052 - Failed to send email: [Errno -2] Name or service not known
2026-01-07 09:28:58,330 - ✅ MPSR OK (1.28s)
2026-01-07 09:28:59,662 - ✅ SHE OK (1.33s)
2026-01-07 09:29:01,198 - ✅ NyumbaCinema OK (1.53s)
2026-01-07 09:29:02,276 - ✅ BScompanion OK (1.08s)
2026-01-07 09:29:03,429 - ✅ RRM OK (1.15s)
2026-01-07 09:29:04,561 - ✅ ThinkSafety OK (1.13s)
2026-01-07 09:33:47,386 - ✅ KUESA OK (1.16s)
2026-01-07 09:33:49,131 - ✅ Sccodev OK (1.74s)
2026-01-07 09:33:50,560 - ✅ NewRain OK (1.43s)
2026-01-07 09:33:52,131 - ⚠️ ODPC BAD RESPONSE (404)
2026-01-07 09:33:57,156 - Failed to send email: [Errno -2] Name or service not known
2026-01-07 09:33:58,639 - ✅ AgentAssistant OK (1.48s)
2026-01-07 09:33:59,971 - ✅ Ammerah OK (1.33s)
2026-01-07 09:34:01,098 - ✅ MPSR OK (1.12s)
2026-01-07 09:34:02,245 - ✅ SHE OK (1.14s)
2026-01-07 09:34:03,254 - ✅ NyumbaCinema OK (1.01s)
2026-01-07 09:34:04,543 - ✅ BScompanion OK (1.29s)
2026-01-07 09:34:25,004 - ❌ RRM ERROR: HTTPSConnectionPool(host='rrm.sandbox.think.ke', port=443): Max retries exceeded with url: / (Caused by ConnectTimeoutError(<HTTPSConnection(host='rrm.sandbox.think.ke', port=443) at 0x78cb99afe9c0>, 'Connection to rrm.sandbox.think.ke timed out. (connect timeout=20)'))
2026-01-07 09:34:25,022 - Failed to send email: [Errno -2] Name or service not known
2026-01-07 09:34:45,603 - ❌ ThinkSafety ERROR: HTTPSConnectionPool(host='thinksafety.sandbox.think.ke', port=443): Max retries exceeded with url: / (Caused by ConnectTimeoutError(<HTTPSConnection(host='thinksafety.sandbox.think.ke', port=443) at 0x78cb99934f20>, 'Connection to thinksafety.sandbox.think.ke timed out. (connect timeout=20)'))
2026-01-07 09:34:45,621 - Failed to send email: [Errno -2] Name or service not known
2026-01-07 09:36:58,603 - ✅ KUESA OK (1.03s)
2026-01-07 09:37:00,024 - ✅ Sccodev OK (1.42s)
2026-01-07 09:37:01,254 - ✅ NewRain OK (1.23s)
2026-01-07 09:37:02,872 - ⚠️ ODPC BAD RESPONSE (404)
2026-01-07 09:37:07,928 - Failed to send email: [Errno -2] Name or service not known
2026-01-07 09:37:09,412 - ✅ AgentAssistant OK (1.48s)
2026-01-07 09:37:10,407 - ✅ Ammerah OK (0.99s)
2026-01-07 09:37:11,405 - ✅ MPSR OK (1.0s)
2026-01-07 09:37:12,388 - ✅ SHE OK (0.98s)
2026-01-07 09:37:13,356 - ✅ NyumbaCinema OK (0.97s)
2026-01-07 09:37:14,270 - ✅ BScompanion OK (0.91s)
2026-01-07 09:37:15,175 - ✅ RRM OK (0.9s)
2026-01-07 09:37:16,233 - ✅ ThinkSafety OK (1.06s)
2026-01-07 09:37:21,292 - ❌ Govbot ERROR: HTTPConnectionPool(host='govbot.sandbox.think.ke', port=80): Max retries exceeded with url: / (Caused by NameResolutionError("HTTPConnection(host='govbot.sandbox.think.ke', port=80): Failed to resolve 'govbot.sandbox.think.ke' ([Errno -2] Name or service not known)"))
2026-01-07 09:37:26,317 - Failed to send email: [Errno -2] Name or service not known
2026-01-07 09:41:16,488 - ✅ KUESA OK (1.31s)
2026-01-07 09:41:18,024 - ✅ Sccodev OK (1.53s)
2026-01-07 09:41:19,316 - ✅ NewRain OK (1.29s)
2026-01-07 09:41:20,697 - ⚠️ ODPC BAD RESPONSE (404)
2026-01-07 09:41:25,717 - Failed to send email: [Errno -2] Name or service not known
2026-01-07 09:41:26,789 - ✅ AgentAssistant OK (1.07s)
2026-01-07 09:41:46,845 - ❌ Ammerah ERROR: HTTPConnectionPool(host='ameerah.sandbox.think.ke', port=80): Max retries exceeded with url: / (Caused by ConnectTimeoutError(<HTTPConnection(host='ameerah.sandbox.think.ke', port=80) at 0x7d9a5f766bd0>, 'Connection to ameerah.sandbox.think.ke timed out. (connect timeout=20)'))
2026-01-07 09:41:46,864 - Failed to send email: [Errno -2] Name or service not known
2026-01-07 09:41:47,977 - ✅ MPSR OK (1.11s)
2026-01-07 09:41:48,993 - ✅ SHE OK (1.01s)
2026-01-07 09:41:49,915 - ✅ NyumbaCinema OK (0.92s)
2026-01-07 09:41:50,846 - ✅ BScompanion OK (0.93s)
2026-01-07 09:41:52,312 - ✅ RRM OK (1.46s)
2026-01-07 09:41:53,220 - ✅ ThinkSafety OK (0.91s)
2026-01-07 09:41:55,269 - ✅ Govbot OK (2.05s)
2026-01-07 09:42:57,657 - ✅ KUESA OK (1.01s)
2026-01-07 09:42:58,632 - ✅ Sccodev OK (0.97s)
2026-01-07 09:43:19,170 - ❌ NewRain ERROR: HTTPSConnectionPool(host='newrain.sandbox.think.ke', port=443): Max retries exceeded with url: / (Caused by ConnectTimeoutError(<HTTPSConnection(host='newrain.sandbox.think.ke', port=443) at 0x71f57fb97d10>, 'Connection to newrain.sandbox.think.ke timed out. (connect timeout=20)'))
2026-01-07 09:43:24,194 - Failed to send email: [Errno -2] Name or service not known
2026-01-07 09:43:26,212 - ⚠️ ODPC BAD RESPONSE (404)
2026-01-07 09:43:26,231 - Failed to send email: [Errno -2] Name or service not known
2026-01-07 09:43:27,502 - ✅ AgentAssistant OK (1.27s)
2026-01-07 09:43:28,669 - ✅ Ammerah OK (1.17s)
2026-01-07 09:43:29,586 - ✅ MPSR OK (0.91s)
2026-01-07 09:43:30,485 - ✅ SHE OK (0.9s)
2026-01-07 09:43:31,399 - ✅ NyumbaCinema OK (0.91s)
2026-01-07 09:43:32,313 - ✅ BScompanion OK (0.91s)
2026-01-07 09:43:33,746 - ✅ RRM OK (1.43s)
2026-01-07 09:43:34,975 - ✅ ThinkSafety OK (1.22s)
2026-01-07 09:43:37,028 - ✅ Govbot OK (2.05s)
2026-01-07 09:44:20,405 - ✅ KUESA OK (1.42s)
2026-01-07 09:44:21,388 - ✅ Sccodev OK (0.98s)
2026-01-07 09:44:22,288 - ✅ NewRain OK (0.9s)
2026-01-07 09:44:23,533 - ⚠️ ODPC BAD RESPONSE (404)
2026-01-07 09:44:23,553 - Failed to send email: [Errno -2] Name or service not known
2026-01-07 09:44:24,438 - ✅ AgentAssistant OK (0.88s)
2026-01-07 09:44:25,386 - ✅ Ammerah OK (0.95s)
2026-01-07 09:44:26,376 - ✅ MPSR OK (0.99s)
2026-01-07 09:44:28,501 - ✅ SHE OK (2.12s)
2026-01-07 09:44:29,432 - ✅ NyumbaCinema OK (0.93s)
2026-01-07 09:44:30,367 - ✅ BScompanion OK (0.93s)
2026-01-07 09:44:31,698 - ✅ RRM OK (1.33s)
2026-01-07 09:44:32,956 - ✅ ThinkSafety OK (1.26s)
2026-01-07 09:44:34,521 - ✅ Govbot OK (1.56s)
2026-01-07 09:48:59,043 - ✅ KUESA OK (1.21s)
2026-01-07 09:49:00,480 - ✅ Sccodev OK (1.43s)
2026-01-07 09:49:01,705 - ✅ NewRain OK (1.22s)
2026-01-07 09:49:03,497 - ⚠️ ODPC BAD RESPONSE (404)
2026-01-07 09:49:08,518 - Failed to send email: [Errno -2] Name or service not known
2026-01-07 09:49:09,487 - ✅ AgentAssistant OK (0.96s)
2026-01-07 09:49:10,618 - ✅ Ammerah OK (1.13s)
2026-01-07 09:49:11,642 - ✅ MPSR OK (1.02s)
2026-01-07 09:49:12,664 - ✅ SHE OK (1.02s)
2026-01-07 09:49:13,684 - ✅ NyumbaCinema OK (1.02s)
2026-01-07 09:49:15,120 - ✅ BScompanion OK (1.43s)
2026-01-07 09:49:16,144 - ✅ RRM OK (1.02s)
2026-01-07 09:49:17,189 - ✅ ThinkSafety OK (1.04s)
2026-01-07 09:49:18,750 - ✅ Govbot OK (1.56s)
2026-01-07 09:59:54,384 - ✅ KUESA OK (1.09s)
2026-01-07 09:59:55,976 - ✅ Sccodev OK (1.59s)
2026-01-07 09:59:57,117 - ✅ NewRain OK (1.14s)
2026-01-07 09:59:58,632 - ⚠️ ODPC BAD RESPONSE (404)
2026-01-07 10:00:03,667 - Failed to send email: [Errno -2] Name or service not known
2026-01-07 10:00:04,774 - ✅ AgentAssistant OK (1.1s)
2026-01-07 10:00:06,263 - ✅ Ammerah OK (1.49s)
2026-01-07 10:00:07,273 - ✅ MPSR OK (1.01s)
2026-01-07 10:00:08,360 - ✅ SHE OK (1.08s)
2026-01-07 10:00:09,381 - ✅ NyumbaCinema OK (1.02s)
2026-01-07 10:00:10,598 - ✅ BScompanion OK (1.21s)
2026-01-07 10:00:30,643 - ❌ RRM ERROR: HTTPConnectionPool(host='rrm.sandbox.think.ke', port=80): Max retries exceeded with url: / (Caused by ConnectTimeoutError(<HTTPConnection(host='rrm.sandbox.think.ke', port=80) at 0x730e378eb740>, 'Connection to rrm.sandbox.think.ke timed out. (connect timeout=20)'))
2026-01-07 10:00:30,676 - Failed to send email: [Errno -2] Name or service not known
2026-01-07 10:00:31,719 - ✅ ThinkSafety OK (1.04s)
2026-01-07 10:00:33,256 - ✅ Govbot OK (1.53s)
2026-01-07 10:03:33,329 - ✅ KUESA OK (1.27s)
2026-01-07 10:03:34,763 - ✅ Sccodev OK (1.43s)
2026-01-07 10:03:36,334 - ✅ NewRain OK (1.57s)
2026-01-07 10:03:38,064 - ⚠️ ODPC BAD RESPONSE (404)
2026-01-07 10:03:43,091 - Failed to send email: [Errno -2] Name or service not known
2026-01-07 10:03:54,836 - ✅ AgentAssistant OK (11.74s)
2026-01-07 10:03:55,833 - ✅ Ammerah OK (0.99s)
2026-01-07 10:03:58,937 - ✅ MPSR OK (3.1s)
2026-01-07 10:04:07,431 - ✅ SHE OK (8.49s)
2026-01-07 10:04:13,060 - ✅ NyumbaCinema OK (5.62s)
2026-01-07 10:04:14,808 - ✅ BScompanion OK (1.74s)
2026-01-07 10:04:17,470 - ✅ RRM OK (2.66s)
2026-01-07 10:04:19,763 - ✅ ThinkSafety OK (2.29s)
2026-01-07 10:04:27,938 - ✅ Govbot OK (8.17s)
2026-01-07 10:28:39,131 - ✅ KUESA OK (1.52s)
2026-01-07 10:28:40,567 - ✅ Sccodev OK (1.43s)
2026-01-07 10:28:41,998 - ✅ NewRain OK (1.43s)
2026-01-07 10:28:43,892 - ⚠️ ODPC BAD RESPONSE (404)
2026-01-07 10:28:47,015 - ⚠️ Failed to send email: (501, b'Invalid MAIL FROM address provided', 'AKIA2KROFJHQ3ISHKQ3B')
2026-01-07 10:28:48,756 - ✅ AgentAssistant OK (1.74s)
2026-01-07 10:28:50,702 - ✅ Ammerah OK (1.94s)
2026-01-07 10:28:52,341 - ✅ MPSR OK (1.64s)
2026-01-07 10:28:53,774 - ✅ SHE OK (1.43s)
2026-01-07 10:28:55,104 - ✅ NyumbaCinema OK (1.33s)
2026-01-07 10:28:56,445 - ✅ BScompanion OK (1.34s)
2026-01-07 10:28:57,774 - ✅ RRM OK (1.33s)
2026-01-07 10:29:17,839 - ❌ ThinkSafety ERROR: HTTPConnectionPool(host='thinksafety.sandbox.think.ke', port=80): Max retries exceeded with url: / (Caused by ConnectTimeoutError(<HTTPConnection(host='thinksafety.sandbox.think.ke', port=80) at 0x7e58248ff980>, 'Connection to thinksafety.sandbox.think.ke timed out. (connect timeout=20)'))
2026-01-07 10:29:20,055 - ⚠️ Failed to send email: (501, b'Invalid MAIL FROM address provided', 'AKIA2KROFJHQ3ISHKQ3B')
2026-01-07 10:29:21,729 - ✅ Govbot OK (1.67s)
2026-01-07 10:35:47,793 - ✅ KUESA OK (0.99s)
2026-01-07 10:35:48,741 - ✅ Sccodev OK (0.95s)
2026-01-07 10:35:49,730 - ✅ NewRain OK (0.99s)
2026-01-07 10:35:51,483 - ⚠️ ODPC BAD RESPONSE (404)
2026-01-07 10:35:53,832 - ⚠️ Failed to send email: (501, b'Invalid MAIL FROM address provided', 'devops.think.ke')
2026-01-07 10:35:54,819 - ✅ AgentAssistant OK (0.98s)
2026-01-07 10:35:55,788 - ✅ Ammerah OK (0.97s)
2026-01-07 10:35:56,770 - ✅ MPSR OK (0.98s)
2026-01-07 10:35:57,698 - ✅ SHE OK (0.93s)
2026-01-07 10:35:58,681 - ✅ NyumbaCinema OK (0.98s)
2026-01-07 10:35:59,675 - ✅ BScompanion OK (0.99s)
2026-01-07 10:36:00,688 - ✅ RRM OK (1.01s)
2026-01-07 10:36:01,716 - ✅ ThinkSafety OK (1.02s)
2026-01-07 10:36:03,413 - ✅ Govbot OK (1.69s)
2026-01-07 10:36:34,249 - ❌ KUESA ERROR: HTTPSConnectionPool(host='kuesa.sandbox.think.ke', port=443): Max retries exceeded with url: / (Caused by ConnectTimeoutError(<HTTPSConnection(host='kuesa.sandbox.think.ke', port=443) at 0x7e3747797b30>, 'Connection to kuesa.sandbox.think.ke timed out. (connect timeout=20)'))
2026-01-07 10:36:37,518 - 📧 Email sent: [ERROR] KUESA not reachable
2026-01-07 10:36:38,424 - ✅ Sccodev OK (0.91s)
2026-01-07 10:36:39,381 - ✅ NewRain OK (0.96s)
2026-01-07 10:36:40,601 - ⚠️ ODPC BAD RESPONSE (404)
2026-01-07 10:36:43,685 - 📧 Email sent: [ALERT] ODPC failed test
2026-01-07 10:36:44,688 - ✅ AgentAssistant OK (1.0s)
2026-01-07 10:36:45,655 - ✅ Ammerah OK (0.95s)
2026-01-07 10:36:46,708 - ✅ MPSR OK (1.05s)
2026-01-07 10:36:47,750 - ✅ SHE OK (1.04s)
2026-01-07 10:36:48,681 - ✅ NyumbaCinema OK (0.93s)
2026-01-07 10:36:49,654 - ✅ BScompanion OK (0.97s)
2026-01-07 10:36:50,643 - ✅ RRM OK (0.99s)
2026-01-07 10:36:51,555 - ✅ ThinkSafety OK (0.91s)
2026-01-07 10:36:52,670 - ✅ Govbot OK (1.11s)
2026-01-07 10:38:34,650 - ✅ KUESA OK (0.91s)
2026-01-07 10:38:35,563 - ✅ Sccodev OK (0.91s)
2026-01-07 10:38:36,623 - ✅ NewRain OK (1.06s)
2026-01-07 10:38:38,222 - ⚠️ ODPC BAD RESPONSE (404)
2026-01-07 10:38:41,516 - 📧 Email sent: [ALERT] ODPC failed test
2026-01-07 10:38:42,569 - ✅ AgentAssistant OK (1.05s)
2026-01-07 10:38:43,606 - ✅ Ammerah OK (1.03s)
2026-01-07 10:38:44,613 - ✅ MPSR OK (1.0s)
2026-01-07 10:38:45,609 - ✅ SHE OK (0.99s)
2026-01-07 10:38:46,518 - ✅ NyumbaCinema OK (0.91s)
2026-01-07 10:38:47,422 - ✅ BScompanion OK (0.9s)
2026-01-07 10:38:48,316 - ✅ RRM OK (0.89s)
2026-01-07 10:38:49,237 - ✅ ThinkSafety OK (0.92s)
2026-01-07 10:38:50,736 - ✅ Govbot OK (1.5s)
2026-01-07 10:42:04,211 - ✅ KUESA OK (1.22s)
2026-01-7 10:42:05,259 - ✅ Sccodev OK (1.04s)
20260-01-07 10:42:06,303 - ✅ NewRain OK (1.04s)
2026-01-07 10:42:07,834 - ⚠️ ODPC BAD RESPONSE (404)
2026-01-07 10:42:11,370 - 📧 Email sent: [ALERT] ODPC failed test
2026-01-07 10:42:12,305 - ✅ AgentAssistant OK (0.93s)
2026-01-07 10:42:13,730 - ✅ Ammerah OK (1.42s)
2026-01-07 10:42:14,806 - ✅ MPSR OK (1.07s)
2026-01-07 10:42:15,810 - ✅ SHE OK (1.0s)
2026-01-07 10:42:16,833 - ✅ NyumbaCinema OK (1.02s)
2026-01-07 10:42:17,793 - ✅ BScompanion OK (0.96s)
2026-01-07 10:42:18,712 - ✅ RRM OK (0.92s)
2026-01-07 10:42:19,636 - ✅ ThinkSafety OK (0.92s)
2026-01-07 10:42:21,422 - ✅ Govbot OK (1.78s)
2026-01-07 11:00:11,864 - ✅ KUESA OK (1.14s)
2026-01-07 11:00:12,908 - ✅ Sccodev OK (1.04s)
2026-01-07 11:00:14,014 - ✅ NewRain OK (1.1s)
2026-01-07 11:00:15,855 - ⚠️ ODPC BAD RESPONSE (404)
2026-01-07 11:00:18,631 - 📧 Email sent: [ALERT] ODPC failed test
2026-01-07 11:00:19,715 - ✅ AgentAssistant OK (1.08s)
2026-01-07 11:00:20,861 - ✅ Ammerah OK (1.14s)
2026-01-07 11:00:40,968 - ❌ MPSR ERROR: HTTPConnectionPool(host='mpsr.sandbox.think.ke', port=80): Max retries exceeded with url: / (Caused by ConnectTimeoutError(<HTTPConnection(host='mpsr.sandbox.think.ke', port=80) at 0x7de5eadef200>, 'Connection to mpsr.sandbox.think.ke timed out. (connect timeout=20)'))
2026-01-07 11:00:44,416 - 📧 Email sent: [ERROR] MPSR not reachable
2026-01-07 11:00:45,500 - ✅ SHE OK (1.08s)
2026-01-07 11:00:46,674 - ✅ NyumbaCinema OK (1.17s)
2026-01-07 11:00:47,780 - ✅ BScompanion OK (1.1s)
2026-01-07 11:01:08,290 - ❌ RRM ERROR: HTTPSConnectionPool(host='rrm.sandbox.think.ke', port=443): Max retries exceeded with url: / (Caused by ConnectTimeoutError(<HTTPSConnection(host='rrm.sandbox.think.ke', port=443) at 0x7de5eac21100>, 'Connection to rrm.sandbox.think.ke timed out. (connect timeout=20)'))
2026-01-07 11:01:11,339 - 📧 Email sent: [ERROR] RRM not reachable
2026-01-07 11:01:12,370 - ✅ ThinkSafety OK (1.03s)
2026-01-07 11:01:13,950 - ✅ Govbot OK (1.58s)
2026-01-07 11:01:15,195 - ✅ SBD OK (1.24s)
2026-01-07 11:01:25,315 - ✅ KUESA OK (1.3s)
2026-01-07 11:01:27,259 - ✅ Sccodev OK (1.94s)
2026-01-07 11:01:29,073 - ✅ NewRain OK (1.81s)
2026-01-07 11:01:31,794 - ⚠️ ODPC BAD RESPONSE (404)
2026-01-07 11:01:34,527 - 📧 Email sent: [ALERT] ODPC failed test
2026-01-07 11:01:35,455 - ✅ AgentAssistant OK (0.93s)
2026-01-07 11:01:36,628 - ✅ Ammerah OK (1.17s)
2026-01-07 11:01:38,097 - ✅ MPSR OK (1.47s)
2026-01-07 11:01:39,629 - ✅ SHE OK (1.53s)
2026-01-07 11:01:40,631 - ✅ NyumbaCinema OK (1.0s)
2026-01-07 11:01:41,549 - ✅ BScompanion OK (0.92s)
2026-01-07 11:01:42,482 - ✅ RRM OK (0.93s)
2026-01-07 11:01:43,408 - ✅ ThinkSafety OK (0.92s)
2026-01-07 11:01:44,544 - ✅ Govbot OK (1.13s)
2026-01-07 11:01:45,932 - ✅ SBD OK (1.39s)
2026-01-07 14:36:32,667 - ✅ KUESA OK (1.35s)
2026-01-07 14:36:33,610 - ✅ Sccodev OK (0.94s)
2026-01-07 14:36:34,643 - ✅ NewRain OK (1.03s)
2026-01-07 14:36:58,070 - ⚠️ ODPC BAD RESPONSE (404)
2026-01-07 14:37:01,311 - 📧 Email sent: [ALERT] ODPC failed test
2026-01-07 14:37:02,244 - ✅ AgentAssistant OK (0.93s)
2026-01-07 14:37:03,446 - ✅ Ammerah OK (1.2s)
2026-01-07 14:37:04,983 - ✅ MPSR OK (1.53s)
2026-01-07 14:37:05,932 - ✅ SHE OK (0.95s)
2026-01-07 14:37:06,987 - ✅ NyumbaCinema OK (1.05s)
2026-01-07 14:37:08,073 - ✅ BScompanion OK (1.08s)
2026-01-07 14:37:09,064 - ✅ RRM OK (0.99s)
2026-01-07 14:37:10,129 - ✅ ThinkSafety OK (1.06s)
2026-01-07 14:37:21,695 - ✅ Govbot OK (11.56s)
2026-01-07 14:37:22,694 - ✅ SBD OK (1.0s)
2026-01-08 09:29:17,373 - ✅ KUESA OK (1.42s)
2026-01-08 09:29:18,396 - ✅ Sccodev OK (1.02s)
2026-01-08 09:29:19,757 - ✅ NewRain OK (1.36s)
2026-01-08 09:29:21,500 - ⚠️ ODPC BAD RESPONSE (404)
2026-01-08 09:29:24,302 - 📧 Email sent: [ALERT] ODPC failed test
2026-01-08 09:29:25,491 - ✅ AgentAssistant OK (1.19s)
2026-01-08 09:29:27,234 - ✅ Ammerah OK (1.74s)
2026-01-08 09:29:28,846 - ✅ MPSR OK (1.61s)
2026-01-08 09:29:30,095 - ✅ SHE OK (1.25s)
2026-01-08 09:29:31,447 - ✅ NyumbaCinema OK (1.35s)
2026-01-08 09:29:32,384 - ✅ BScompanion OK (0.93s)
2026-01-08 09:29:33,382 - ✅ RRM OK (1.0s)
2026-01-08 09:29:34,450 - ✅ ThinkSafety OK (1.07s)
2026-01-08 09:29:35,844 - ✅ Govbot OK (1.39s)
2026-01-08 09:29:36,889 - ✅ SBD OK (1.04s)
2026-01-08 11:18:40,851 - ✅ KUESA OK (1.3s)
2026-01-08 11:18:42,580 - ✅ Sccodev OK (1.73s)
2026-01-08 11:18:44,420 - ✅ NewRain OK (1.84s)
2026-01-08 11:18:46,067 - ⚠️ ODPC BAD RESPONSE (404)
2026-01-08 11:18:49,099 - 📧 Email sent: [ALERT] ODPC failed test
2026-01-08 11:18:50,635 - ✅ AgentAssistant OK (1.53s)
2026-01-08 11:18:52,269 - ✅ Ammerah OK (1.63s)
2026-01-08 11:18:53,724 - ✅ MPSR OK (1.45s)
2026-01-08 11:18:55,134 - ✅ SHE OK (1.41s)
2026-01-08 11:18:56,363 - ✅ NyumbaCinema OK (1.21s)
2026-01-08 11:18:57,291 - ✅ BScompanion OK (0.92s)
2026-01-08 11:18:58,262 - ✅ RRM OK (0.97s)
2026-01-08 11:18:59,178 - ✅ ThinkSafety OK (0.91s)
2026-01-08 11:19:00,756 - ✅ Govbot OK (1.58s)
2026-01-08 11:19:01,797 - ✅ SBD OK (1.04s)
2026-01-08 13:06:29,083 - ✅ KUESA OK (1.07s)
2026-01-08 13:06:30,143 - ✅ Sccodev OK (1.06s)
2026-01-08 13:06:31,265 - ✅ NewRain OK (1.12s)
2026-01-08 13:06:32,867 - ⚠️ ODPC BAD RESPONSE (404)
2026-01-08 13:06:35,840 - 📧 Email sent: [ALERT] ODPC failed test
2026-01-08 13:06:37,087 - ✅ AgentAssistant OK (1.25s)
2026-01-08 13:06:38,262 - ✅ Ammerah OK (1.17s)
2026-01-08 13:06:39,324 - ✅ MPSR OK (1.06s)
2026-01-08 13:06:40,456 - ✅ SHE OK (1.13s)
2026-01-08 13:06:41,800 - ✅ NyumbaCinema OK (1.34s)
2026-01-08 13:06:42,810 - ✅ BScompanion OK (1.01s)
2026-01-08 13:06:43,767 - ✅ RRM OK (0.95s)
2026-01-08 13:06:44,825 - ✅ ThinkSafety OK (1.05s)
2026-01-08 13:06:46,257 - ✅ Govbot OK (1.43s)
2026-01-08 13:06:47,345 - ✅ SBD OK (1.09s)
2026-01-12 09:34:44,352 - ✅ KUESA OK (1.06s)
2026-01-12 09:34:45,328 - ✅ Sccodev OK (0.97s)
2026-01-12 09:34:46,482 - ✅ NewRain OK (1.15s)
2026-01-12 09:34:47,835 - ⚠️ ODPC BAD RESPONSE (404)
2026-01-12 09:34:50,500 - 📧 Email sent: [ALERT] ODPC failed test
2026-01-12 09:34:51,441 - ✅ AgentAssistant OK (0.94s)
2026-01-12 09:34:52,364 - ✅ Ammerah OK (0.92s)
2026-01-12 09:34:53,403 - ✅ MPSR OK (1.04s)
2026-01-12 09:34:54,505 - ✅ SHE OK (1.1s)
2026-01-12 09:34:55,460 - ✅ NyumbaCinema OK (0.95s)
2026-01-12 09:34:56,392 - ✅ BScompanion OK (0.93s)
2026-01-12 09:34:59,560 - ✅ RRM OK (3.17s)
2026-01-12 09:35:02,803 - ✅ ThinkSafety OK (3.24s)
2026-01-12 09:35:04,235 - ✅ Govbot OK (1.43s)
2026-01-12 09:35:05,225 - ✅ SBD OK (0.99s)
2026-01-12 10:17:59,597 - ✅ KUESA OK (1.69s)
2026-01-12 10:18:00,937 - ✅ Sccodev OK (1.34s)
2026-01-12 10:18:02,447 - ✅ NewRain OK (1.51s)
2026-01-12 10:18:04,136 - ⚠️ ODPC BAD RESPONSE (404)
2026-01-12 10:18:07,386 - 📧 Email sent: [ALERT] ODPC failed test
2026-01-12 10:18:08,802 - ✅ AgentAssistant OK (1.41s)
2026-01-12 10:18:09,801 - ✅ Ammerah OK (1.0s)
2026-01-12 10:18:10,785 - ✅ MPSR OK (0.98s)
2026-01-12 10:18:11,771 - ✅ SHE OK (0.98s)
2026-01-12 10:18:13,017 - ✅ NyumbaCinema OK (1.24s)
2026-01-12 10:18:14,327 - ✅ BScompanion OK (1.31s)
2026-01-12 10:18:15,317 - ✅ RRM OK (0.99s)
2026-01-12 10:18:16,705 - ✅ ThinkSafety OK (1.39s)
2026-01-12 10:18:18,958 - ✅ Govbot OK (2.25s)
2026-01-12 10:18:20,654 - ✅ SBD OK (1.69s)
2026-01-13 09:35:25,010 - ✅ KUESA OK (1.0s)
2026-01-13 09:35:25,939 - ✅ Sccodev OK (0.92s)
2026-01-13 09:35:26,852 - ✅ NewRain OK (0.91s)
2026-01-13 09:35:28,346 - ⚠️ ODPC BAD RESPONSE (404)
2026-01-13 09:35:32,318 - 📧 Email sent: [ALERT] ODPC failed test
2026-01-13 09:35:33,756 - ✅ AgentAssistant OK (1.43s)
2026-01-13 09:35:35,791 - ✅ Ammerah OK (2.03s)
2026-01-13 09:35:36,838 - ✅ MPSR OK (1.04s)
2026-01-13 09:35:38,849 - ✅ SHE OK (2.0s)
2026-01-13 09:35:39,827 - ✅ NyumbaCinema OK (0.97s)
2026-01-13 09:35:40,781 - ✅ BScompanion OK (0.95s)
2026-01-13 09:35:42,575 - ✅ RRM OK (1.78s)
2026-01-13 09:35:43,687 - ✅ ThinkSafety OK (1.11s)
2026-01-13 09:35:45,119 - ✅ Govbot OK (1.43s)
2026-01-13 09:35:46,486 - ✅ SBD OK (1.37s)
2026-01-15 09:38:39,277 - ✅ KUESA OK (1.08s)
2026-01-15 09:38:40,225 - ✅ Sccodev OK (0.95s)
2026-01-15 09:38:41,170 - ✅ NewRain OK (0.94s)
2026-01-15 09:38:42,512 - ⚠️ ODPC BAD RESPONSE (404)
2026-01-15 09:38:45,448 - 📧 Email sent: [ALERT] ODPC failed test
2026-01-15 09:38:46,370 - ✅ AgentAssistant OK (0.92s)
2026-01-15 09:38:47,369 - ✅ Ammerah OK (1.0s)
2026-01-15 09:38:48,266 - ✅ MPSR OK (0.89s)
2026-01-15 09:38:49,162 - ✅ SHE OK (0.89s)
2026-01-15 09:38:50,124 - ✅ NyumbaCinema OK (0.96s)
2026-01-15 09:38:51,836 - ✅ BScompanion OK (1.71s)
2026-01-15 09:38:53,839 - ✅ RRM OK (2.0s)
2026-01-15 09:38:55,396 - ✅ ThinkSafety OK (1.55s)
2026-01-15 09:38:56,757 - ✅ Govbot OK (1.36s)
2026-01-15 09:38:57,779 - ✅ SBD OK (1.02s)
2026-01-15 10:44:51,098 - ✅ KUESA OK (1.2s)
2026-01-15 10:44:52,744 - ✅ Sccodev OK (1.64s)
2026-01-15 10:44:54,125 - ✅ NewRain OK (1.38s)
2026-01-15 10:44:55,889 - ⚠️ ODPC BAD RESPONSE (404)
2026-01-15 10:44:59,347 - 📧 Email sent: [ALERT] ODPC failed test
2026-01-15 10:45:00,708 - ✅ AgentAssistant OK (1.36s)
2026-01-15 10:45:01,645 - ✅ Ammerah OK (0.94s)
2026-01-15 10:45:02,603 - ✅ MPSR OK (0.95s)
2026-01-15 10:45:04,058 - ✅ SHE OK (1.45s)
2026-01-15 10:45:05,323 - ✅ NyumbaCinema OK (1.26s)
2026-01-15 10:45:06,352 - ✅ BScompanion OK (1.03s)
2026-01-15 10:45:07,284 - ✅ RRM OK (0.93s)
2026-01-15 10:45:08,263 - ✅ ThinkSafety OK (0.98s)
2026-01-15 10:45:11,122 - ✅ Govbot OK (2.86s)
2026-01-15 10:45:12,611 - ✅ SBD OK (1.49s)
2026-01-15 10:45:18,086 - ⚠️ BRS Company Registration BAD RESPONSE (405)
2026-01-15 10:45:22,489 - 📧 Email sent: [ALERT] BRS Company Registration failed test
2026-01-15 10:45:26,410 - ✅ BRS Companion OK (3.92s)
2026-01-15 10:45:28,634 - ✅ BS listing OK (2.22s)
2026-01-15 10:49:36,232 - ✅ KUESA OK (1.47s)
2026-01-15 10:49:37,484 - ✅ Sccodev OK (1.25s)
2026-01-15 10:49:39,713 - ✅ NewRain OK (2.23s)
2026-01-15 10:49:41,249 - ⚠️ ODPC BAD RESPONSE (404)
2026-01-15 10:49:44,731 - 📧 Email sent: [ALERT] ODPC failed test
2026-01-15 10:49:46,369 - ✅ AgentAssistant OK (1.64s)
2026-01-15 10:49:47,595 - ✅ Ammerah OK (1.22s)
2026-01-15 10:49:48,930 - ✅ MPSR OK (1.33s)
2026-01-15 10:49:50,361 - ✅ SHE OK (1.43s)
2026-01-15 10:49:51,592 - ✅ NyumbaCinema OK (1.23s)
2026-01-15 10:49:52,718 - ✅ BScompanion OK (1.12s)
2026-01-15 10:49:54,152 - ✅ RRM OK (1.43s)
2026-01-15 10:49:55,225 - ✅ ThinkSafety OK (1.07s)
2026-01-15 10:49:56,600 - ✅ Govbot OK (1.37s)
2026-01-15 10:49:57,942 - ✅ SBD OK (1.34s)
2026-01-15 10:49:58,555 - ⚠️ BRS Company Registration BAD RESPONSE (405)
2026-01-15 10:50:02,034 - 📧 Email sent: [ALERT] BRS Company Registration failed test
2026-01-15 10:50:03,189 - ✅ BRS Companion OK (1.15s)
2026-01-15 10:50:04,187 - ✅ BS listing OK (1.0s)
2026-01-15 10:53:55,922 - ✅ KUESA OK (1.41s)
2026-01-15 10:53:57,099 - ✅ Sccodev OK (1.17s)
2026-01-15 10:53:58,083 - ✅ NewRain OK (0.98s)
2026-01-15 10:53:59,449 - ⚠️ ODPC BAD RESPONSE (404)
2026-01-15 10:54:02,296 - 📧 Email sent: [ALERT] ODPC failed test
2026-01-15 10:54:03,398 - ✅ AgentAssistant OK (1.1s)
2026-01-15 10:54:04,832 - ✅ Ammerah OK (1.43s)
2026-01-15 10:54:06,163 - ✅ MPSR OK (1.33s)
2026-01-15 10:54:07,491 - ✅ SHE OK (1.33s)
2026-01-15 10:54:08,826 - ✅ NyumbaCinema OK (1.33s)
2026-01-15 10:54:10,471 - ✅ BScompanion OK (1.64s)
2026-01-15 10:54:11,796 - ✅ RRM OK (1.32s)
2026-01-15 10:54:13,430 - ✅ ThinkSafety OK (1.63s)
2026-01-15 10:54:15,073 - ✅ Govbot OK (1.64s)
2026-01-15 10:54:16,506 - ✅ SBD OK (1.43s)
2026-01-15 10:54:16,914 - ⚠️ BRS Company Registration BAD RESPONSE (405)
2026-01-15 10:54:20,466 - 📧 Email sent: [ALERT] BRS Company Registration failed test
2026-01-15 10:54:23,163 - ✅ BRS Companion OK (2.7s)
2026-01-15 10:54:24,598 - ✅ BS listing OK (1.43s)
2026-01-15 10:55:01,520 - ✅ KUESA OK (0.95s)
2026-01-15 10:55:02,504 - ✅ Sccodev OK (0.98s)
2026-01-15 10:55:03,610 - ✅ NewRain OK (1.1s)
2026-01-15 10:55:04,302 - ⚠️ ODPC BAD RESPONSE (404)
2026-01-15 10:55:08,422 - 📧 Email sent: [ALERT] ODPC failed test
2026-01-15 10:55:09,454 - ✅ AgentAssistant OK (1.03s)
2026-01-15 10:55:10,347 - ✅ Ammerah OK (0.89s)
2026-01-15 10:55:11,283 - ✅ MPSR OK (0.93s)
2026-01-15 10:55:12,175 - ✅ SHE OK (0.89s)
2026-01-15 10:55:13,097 - ✅ NyumbaCinema OK (0.92s)
2026-01-15 10:55:14,060 - ✅ BScompanion OK (0.96s)
2026-01-15 10:55:15,033 - ✅ RRM OK (0.97s)
2026-01-15 10:55:15,971 - ✅ ThinkSafety OK (0.94s)
2026-01-15 10:55:16,636 - ✅ Govbot OK (0.66s)
2026-01-15 10:55:17,579 - ✅ SBD OK (0.94s)
2026-01-15 10:55:17,918 - ⚠️ BRS Company Registration BAD RESPONSE (405)
2026-01-15 10:55:20,935 - 📧 Email sent: [ALERT] BRS Company Registration failed test
2026-01-15 10:55:21,925 - ✅ BRS Companion OK (0.99s)
2026-01-15 10:55:22,964 - ✅ BS listing OK (1.04s)
2026-01-15 10:56:14,085 - ✅ KUESA OK (1.29s)
2026-01-15 10:56:15,319 - ✅ Sccodev OK (1.23s)
2026-01-15 10:56:16,417 - ✅ NewRain OK (1.1s)
2026-01-15 10:56:17,096 - ⚠️ ODPC BAD RESPONSE (404)
2026-01-15 10:56:20,119 - 📧 Email sent: [ALERT] ODPC failed test
2026-01-15 10:56:21,332 - ✅ AgentAssistant OK (1.21s)
2026-01-15 10:56:22,971 - ✅ Ammerah OK (1.64s)
2026-01-15 10:56:24,199 - ✅ MPSR OK (1.23s)
2026-01-15 10:56:25,540 - ✅ SHE OK (1.34s)
2026-01-15 10:56:26,724 - ✅ NyumbaCinema OK (1.18s)
2026-01-15 10:56:27,626 - ✅ BScompanion OK (0.9s)
2026-01-15 10:56:28,607 - ✅ RRM OK (0.98s)
2026-01-15 10:56:29,937 - ✅ ThinkSafety OK (1.32s)
2026-01-15 10:56:30,755 - ✅ Govbot OK (0.81s)
2026-01-15 10:56:31,664 - ✅ SBD OK (0.91s)
2026-01-15 10:56:32,063 - ⚠️ BRS Company Registration BAD RESPONSE (405)
2026-01-15 10:56:34,750 - 📧 Email sent: [ALERT] BRS Company Registration failed test
2026-01-15 10:56:35,732 - ✅ BRS Companion OK (0.98s)
2026-01-15 10:56:37,176 - ✅ BS listing OK (1.44s)
2026-01-15 10:57:46,298 - ✅ KUESA OK (1.47s)
2026-01-15 10:57:47,353 - ✅ Sccodev OK (1.05s)
2026-01-15 10:57:48,581 - ✅ NewRain OK (1.22s)
2026-01-15 10:57:52,573 - ⚠️ ODPC BAD RESPONSE (404)
2026-01-15 10:57:56,665 - 📧 Email sent: [ALERT] ODPC failed test
2026-01-15 10:57:57,705 - ✅ AgentAssistant OK (1.04s)
2026-01-15 10:57:58,956 - ✅ Ammerah OK (1.25s)
2026-01-15 10:57:59,926 - ✅ MPSR OK (0.97s)
2026-01-15 10:58:00,821 - ✅ SHE OK (0.89s)
2026-01-15 10:58:01,882 - ✅ NyumbaCinema OK (1.06s)
2026-01-15 10:58:02,872 - ✅ BScompanion OK (0.99s)
2026-01-15 10:58:03,853 - ✅ RRM OK (0.98s)
2026-01-15 10:58:04,768 - ✅ ThinkSafety OK (0.91s)
2026-01-15 10:58:11,032 - ✅ Govbot OK (6.26s)
2026-01-15 10:58:11,884 - ✅ SBD OK (0.85s)
2026-01-15 10:58:12,247 - ⚠️ BRS Company Registration BAD RESPONSE (405)
2026-01-15 10:58:14,707 - 📧 Email sent: [ALERT] BRS Company Registration failed test
2026-01-15 10:58:15,668 - ✅ BRS Companion OK (0.96s)
2026-01-15 10:58:16,649 - ✅ BS listing OK (0.98s)
2026-01-15 11:04:33,493 - ✅ KUESA OK (1.09s)
2026-01-15 11:04:34,415 - ✅ Sccodev OK (0.92s)
2026-01-15 11:04:35,413 - ✅ NewRain OK (1.0s)
2026-01-15 11:04:36,944 - ⚠️ ODPC BAD RESPONSE (404)
2026-01-15 11:04:42,878 - 📧 Email sent: [ALERT] ODPC failed test
2026-01-15 11:04:44,112 - ✅ AgentAssistant OK (1.23s)
2026-01-15 11:04:45,353 - ✅ Ammerah OK (1.24s)
2026-01-15 11:04:46,315 - ✅ MPSR OK (0.96s)
2026-01-15 11:04:47,491 - ✅ SHE OK (1.17s)
2026-01-15 11:04:48,740 - ✅ NyumbaCinema OK (1.24s)
2026-01-15 11:04:49,651 - ✅ BScompanion OK (0.91s)
2026-01-15 11:04:52,715 - ✅ RRM OK (3.06s)
2026-01-15 11:04:54,144 - ✅ ThinkSafety OK (1.43s)
2026-01-15 11:04:56,059 - ✅ Govbot OK (1.91s)
2026-01-15 11:04:57,014 - ✅ SBD OK (0.95s)
2026-01-15 11:04:57,522 - ⚠️ BRS Company Registration BAD RESPONSE (405)
2026-01-15 11:05:00,183 - 📧 Email sent: [ALERT] BRS Company Registration failed test
2026-01-15 11:05:01,396 - ✅ BRS Companion OK (1.21s)
2026-01-15 11:05:02,739 - ✅ BS listing OK (1.34s)
2026-01-15 11:18:27,292 - ✅ KUESA OK (1.52s)
2026-01-15 11:18:29,231 - ✅ Sccodev OK (1.94s)
2026-01-15 11:18:30,565 - ✅ NewRain OK (1.33s)
2026-01-15 11:18:32,267 - ⚠️ ODPC BAD RESPONSE (404)
2026-01-15 11:18:35,422 - 📧 Email sent: [ALERT] ODPC failed test
2026-01-15 11:18:36,350 - ✅ AgentAssistant OK (0.93s)
2026-01-15 11:18:37,832 - ✅ Ammerah OK (1.48s)
2026-01-15 11:18:39,050 - ✅ MPSR OK (1.21s)
2026-01-15 11:18:39,953 - ✅ SHE OK (0.9s)
2026-01-15 11:18:40,959 - ✅ NyumbaCinema OK (1.0s)
2026-01-15 11:18:41,942 - ✅ BScompanion OK (0.98s)
2026-01-15 11:18:42,969 - ✅ RRM OK (1.02s)
2026-01-15 11:18:43,894 - ✅ ThinkSafety OK (0.92s)
2026-01-15 11:18:45,443 - ✅ Govbot OK (1.55s)
2026-01-15 11:18:46,408 - ✅ SBD OK (0.96s)
2026-01-15 11:18:46,763 - ⚠️ BRS Company Registration BAD RESPONSE (405)
2026-01-15 11:18:50,016 - 📧 Email sent: [ALERT] BRS Company Registration failed test
2026-01-15 11:18:51,471 - ✅ BRS Companion OK (1.45s)
2026-01-15 11:18:52,699 - ✅ BS listing OK (1.23s)
2026-01-16 11:52:10,845 - ✅ KUESA OK (0.95s)
2026-01-16 11:52:11,760 - ✅ Sccodev OK (0.91s)
2026-01-16 11:52:12,738 - ✅ NewRain OK (0.97s)
2026-01-16 11:52:14,087 - ⚠️ ODPC BAD RESPONSE (404)
2026-01-16 11:52:17,669 - 📧 Email sent: [ALERT] ODPC failed test
2026-01-16 11:52:18,633 - ✅ AgentAssistant OK (0.96s)
2026-01-16 11:52:19,526 - ✅ Ammerah OK (0.89s)
2026-01-16 11:52:20,953 - ✅ MPSR OK (1.42s)
2026-01-16 11:52:22,229 - ✅ SHE OK (1.28s)
2026-01-16 11:52:23,122 - ✅ NyumbaCinema OK (0.89s)
2026-01-16 11:52:24,005 - ✅ BScompanion OK (0.88s)
2026-01-16 11:52:24,906 - ✅ RRM OK (0.9s)
2026-01-16 11:52:25,895 - ✅ ThinkSafety OK (0.99s)
2026-01-16 11:52:28,243 - ✅ Govbot OK (2.35s)
2026-01-16 11:52:29,674 - ✅ SBD OK (1.43s)
2026-01-16 11:52:30,291 - ⚠️ BRS Company Registration BAD RESPONSE (405)
2026-01-16 11:52:33,173 - 📧 Email sent: [ALERT] BRS Company Registration failed test
2026-01-16 11:52:34,091 - ✅ BRS Companion OK (0.92s)
2026-01-16 11:52:35,308 - ✅ BS listing OK (1.21s)
2026-01-20 16:27:01,751 - ✅ KUESA OK (1.14s)
2026-01-20 16:27:02,815 - ✅ Sccodev OK (1.06s)
2026-01-20 16:27:03,855 - ✅ NewRain OK (1.04s)
2026-01-20 16:27:05,530 - ⚠️ ODPC BAD RESPONSE (404)
2026-01-20 16:27:08,300 - 📧 Email sent: [ALERT] ODPC failed test
2026-01-20 16:27:09,286 - ✅ AgentAssistant OK (0.98s)
2026-01-20 16:27:10,228 - ✅ Ammerah OK (0.94s)
2026-01-20 16:27:11,171 - ✅ MPSR OK (0.94s)
2026-01-20 16:27:12,185 - ✅ SHE OK (1.01s)
2026-01-20 16:27:13,123 - ✅ NyumbaCinema OK (0.94s)
2026-01-20 16:27:14,072 - ✅ BScompanion OK (0.95s)
2026-01-20 16:27:15,009 - ✅ RRM OK (0.93s)–––––
2026-01-20 16:27:15,921 - ✅ ThinkSafety OK (0.91s)
2026-01-20 16:27:17,694 - ✅ Govbot OK (1.77s)
2026-01-20 16:27:19,131 - ✅ SBD OK (1.44s)
2026-01-20 16:27:19,536 - ⚠️ BRS Company Registration BAD RESPONSE (405)
2026-01-20 16:27:22,506 - 📧 Email sent: [ALERT] BRS Company Registration failed test
2026-01-20 16:27:23,939 - ✅ BRS Companion OK (1.43s)
2026-01-20 16:27:25,374 - ✅ BS listing OK (1.43s)
2026-01-21 10:28:16,820 - ✅ KUESA OK (1.58s)
2026-01-21 10:28:18,430 - ✅ Sccodev OK (1.61s)
2026-01-21 10:28:19,751 - ✅ NewRain OK (1.32s)
2026-01-21 10:28:22,075 - ⚠️ ODPC BAD RESPONSE (404)
2026-01-21 10:28:25,635 - 📧 Email sent: [ALERT] ODPC failed test
2026-01-21 10:28:26,972 - ✅ AgentAssistant OK (1.33s)
2026-01-21 10:28:27,974 - ✅ Ammerah OK (1.0s)
2026-01-21 10:28:29,025 - ✅ MPSR OK (1.05s)
2026-01-21 10:28:30,755 - ✅ SHE OK (1.73s)
2026-01-21 10:28:32,609 - ✅ NyumbaCinema OK (1.85s)
2026-01-21 10:28:33,636 - ✅ BScompanion OK (1.02s)
2026-01-21 10:28:34,653 - ✅ RRM OK (1.01s)
2026-01-21 10:28:36,402 - ✅ ThinkSafety OK (1.75s)
2026-01-21 10:28:38,458 - ✅ Govbot OK (2.05s)
2026-01-21 10:28:39,499 - ✅ SBD OK (1.04s)
2026-01-21 10:28:39,904 - ⚠️ BRS Company Registration BAD RESPONSE (405)
2026-01-21 10:28:43,423 - 📧 Email sent: [ALERT] BRS Company Registration failed test
2026-01-21 10:28:44,456 - ✅ BRS Companion OK (1.03s)
2026-01-21 10:28:45,379 - ✅ BS listing OK (0.92s)
2026-01-22 14:38:22,746 - ✅ KUESA OK (1.49s)
2026-01-22 14:38:24,180 - ✅ Sccodev OK (1.43s)
2026-01-22 14:38:25,709 - ✅ NewRain OK (1.53s)
2026-01-22 14:38:27,969 - ⚠️ ODPC BAD RESPONSE (404)
2026-01-22 14:38:32,163 - 📧 Email sent: [ALERT] ODPC failed test
2026-01-22 14:38:33,598 - ✅ AgentAssistant OK (1.43s)
2026-01-22 14:38:35,035 - ✅ Ammerah OK (1.43s)
2026-01-22 14:38:36,468 - ✅ MPSR OK (1.43s)
2026-01-22 14:38:37,619 - ✅ SHE OK (1.15s)
2026-01-22 14:38:38,828 - ✅ NyumbaCinema OK (1.21s)
2026-01-22 14:38:40,052 - ✅ BScompanion OK (1.22s)
2026-01-22 14:38:41,482 - ✅ RRM OK (1.43s)
2026-01-22 14:38:42,817 - ✅ ThinkSafety OK (1.33s)
2026-01-22 14:38:45,036 - ✅ Govbot OK (2.22s)
2026-01-22 14:38:46,298 - ✅ SBD OK (1.26s)
2026-01-22 14:38:47,014 - ⚠️ BRS Company Registration BAD RESPONSE (405)
2026-01-22 14:38:50,906 - 📧 Email sent: [ALERT] BRS Company Registration failed test
2026-01-22 14:38:52,238 - ✅ BRS Companion OK (1.33s)
2026-01-22 14:38:53,520 - ✅ BS listing OK (1.28s)
2026-01-26 09:30:39,937 - ✅ KUESA OK (1.84s)
2026-01-26 09:30:41,473 - ✅ Sccodev OK (1.52s)
2026-01-26 09:30:43,010 - ✅ NewRain OK (1.54s)
2026-01-26 09:30:44,956 - ⚠️ ODPC BAD RESPONSE (404)
2026-01-26 09:30:47,849 - 📧 Email sent: [ALERT] ODPC failed test
2026-01-26 09:30:49,153 - ✅ AgentAssistant OK (1.3s)
2026-01-26 09:30:50,790 - ✅ Ammerah OK (1.64s)
2026-01-26 09:30:52,146 - ✅ MPSR OK (1.35s)
2026-01-26 09:30:53,350 - ✅ SHE OK (1.2s)
2026-01-26 09:30:54,507 - ✅ NyumbaCinema OK (1.15s)
2026-01-26 09:30:55,486 - ✅ BScompanion OK (0.98s)
2026-01-26 09:30:56,405 - ✅ RRM OK (0.92s)
2026-01-26 09:30:57,331 - ✅ ThinkSafety OK (0.92s)
2026-01-26 09:30:58,858 - ✅ Govbot OK (1.52s)
2026-01-26 09:31:00,313 - ✅ SBD OK (1.45s)
2026-01-26 09:31:00,927 - ⚠️ BRS Company Registration BAD RESPONSE (405)
2026-01-26 09:31:04,101 - 📧 Email sent: [ALERT] BRS Company Registration failed test
2026-01-26 09:31:05,129 - ✅ BRS Companion OK (1.03s)
2026-01-26 09:31:06,188 - ✅ BS listing OK (1.06s)
2026-01-26 14:49:10,549 - ✅ KUESA OK (1.29s)
2026-01-26 14:49:11,454 - ✅ Sccodev OK (0.9s)
2026-01-26 14:49:12,416 - ✅ NewRain OK (0.96s)
2026-01-26 14:49:14,430 - ⚠️ ODPC BAD RESPONSE (404)
2026-01-26 14:49:18,058 - 📧 Email sent: [ALERT] ODPC failed test
2026-01-26 14:49:19,907 - ✅ AgentAssistant OK (1.85s)
2026-01-26 14:49:21,028 - ✅ Ammerah OK (1.12s)
2026-01-26 14:49:22,360 - ✅ MPSR OK (1.33s)
2026-01-26 14:49:23,795 - ✅ SHE OK (1.43s)
2026-01-26 14:49:25,125 - ✅ NyumbaCinema OK (1.33s)
2026-01-26 14:49:26,455 - ✅ BScompanion OK (1.33s)
2026-01-26 14:49:27,683 - ✅ RRM OK (1.23s)
2026-01-26 14:49:28,802 - ✅ ThinkSafety OK (1.12s)
2026-01-26 14:49:30,524 - ✅ Govbot OK (1.72s)
2026-01-26 14:49:31,481 - ✅ SBD OK (0.96s)
2026-01-26 14:49:31,847 - ⚠️ BRS Company Registration BAD RESPONSE (405)
2026-01-26 14:49:34,953 - 📧 Email sent: [ALERT] BRS Company Registration failed test
2026-01-26 14:49:36,285 - ✅ BRS Companion OK (1.33s)
2026-01-26 14:49:37,412 - ✅ BS listing OK (1.12s)
2026-01-30 13:51:50,038 - ✅ KUESA OK (0.92s)
2026-01-30 13:51:51,047 - ✅ Sccodev OK (1.01s)
2026-01-30 13:51:51,973 - ✅ NewRain OK (0.92s)
2026-01-30 13:51:53,251 - ⚠️ ODPC BAD RESPONSE (404)
2026-01-30 13:51:56,753 - 📧 Email sent: [ALERT] ODPC failed test
2026-01-30 13:51:58,001 - ✅ AgentAssistant OK (1.24s)
2026-01-30 13:51:59,048 - ✅ Ammerah OK (1.04s)
2026-01-30 13:52:00,701 - ✅ MPSR OK (1.65s)
2026-01-30 13:52:02,046 - ✅ SHE OK (1.34s)
2026-01-30 13:52:03,291 - ✅ NyumbaCinema OK (1.24s)
2026-01-30 13:52:04,399 - ✅ BScompanion OK (1.11s)
2026-01-30 13:52:05,551 - ✅ RRM OK (1.15s)
2026-01-30 13:52:06,729 - ✅ ThinkSafety OK (1.18s)
2026-01-30 13:52:08,400 - ✅ Govbot OK (1.67s)
2026-01-30 13:52:09,607 - ✅ SBD OK (1.2s)
2026-01-30 13:52:10,119 - ⚠️ BRS Company Registration BAD RESPONSE (405)
2026-01-30 13:52:13,105 - 📧 Email sent: [ALERT] BRS Company Registration failed test
2026-01-30 13:52:14,117 - ✅ BRS Companion OK (1.01s)
2026-01-30 13:52:15,283 - ✅ BS listing OK (1.16s)
2026-02-09 12:57:35,729 - ✅ KUESA OK (2.6s)
2026-02-09 12:57:36,806 - ✅ Sccodev OK (1.08s)
2026-02-09 12:57:37,762 - ✅ NewRain OK (0.96s)
2026-02-09 12:57:39,032 - ⚠️ ODPC BAD RESPONSE (404)
2026-02-09 12:57:48,356 - 📧 Email sent: [ALERT] ODPC failed test
2026-02-09 12:57:49,423 - ✅ AgentAssistant OK (1.06s)
2026-02-09 12:57:53,227 - ✅ Ammerah OK (3.8s)
2026-02-09 12:57:54,278 - ✅ MPSR OK (1.05s)
2026-02-09 12:57:55,472 - ✅ SHE OK (1.19s)
2026-02-09 12:57:58,273 - ✅ NyumbaCinema OK (2.8s)
2026-02-09 12:58:00,104 - ✅ BScompanion OK (1.83s)
2026-02-09 12:58:02,346 - ✅ RRM OK (2.24s)
2026-02-09 12:58:03,994 - ✅ ThinkSafety OK (1.65s)
2026-02-09 12:58:05,553 - ✅ Govbot OK (1.56s)
2026-02-09 12:58:06,691 - ✅ SBD OK (1.14s)
2026-02-09 12:58:07,690 - ⚠️ BRS Company Registration BAD RESPONSE (405)
2026-02-09 12:58:12,849 - 📧 Email sent: [ALERT] BRS Company Registration failed test
2026-02-09 12:58:14,350 - ✅ BRS Companion OK (1.5s)
2026-02-09 12:58:15,442 - ✅ BS listing OK (1.09s)
2026-02-24 10:31:36,457 - ✅ KUESA OK (2.77s)
2026-02-24 10:31:37,855 - ✅ Sccodev OK (1.39s)
2026-02-24 10:31:38,853 - ✅ NewRain OK (1.0s)
2026-02-24 10:31:41,175 - ⚠️ ODPC BAD RESPONSE (404)
2026-02-24 10:31:45,647 - 📧 Email sent: [ALERT] ODPC failed test
2026-02-24 10:31:49,412 - ✅ AgentAssistant OK (3.76s)
2026-02-24 10:31:51,165 - ✅ Ammerah OK (1.75s)
2026-02-24 10:31:52,689 - ✅ MPSR OK (1.52s)
2026-02-24 10:31:53,825 - ✅ SHE OK (1.13s)
2026-02-24 10:31:56,674 - ✅ NyumbaCinema OK (2.85s)
2026-02-24 10:31:59,955 - ✅ BScompanion OK (3.28s)
2026-02-24 10:32:04,143 - ✅ RRM OK (4.19s)
2026-02-24 10:32:05,468 - ✅ ThinkSafety OK (1.32s)
2026-02-24 10:32:06,808 - ✅ Govbot OK (1.34s)
2026-02-24 10:32:09,802 - ✅ SBD OK (2.99s)
2026-02-24 10:32:11,224 - ⚠️ BRS Company Registration BAD RESPONSE (405)
2026-02-24 10:32:17,154 - 📧 Email sent: [ALERT] BRS Company Registration failed test
2026-02-24 10:32:18,691 - ✅ BRS Companion OK (1.54s)
2026-02-24 10:32:19,651 - ✅ BS listing OK (0.96s)
2026-03-05 12:27:28,894 - ✅ KUESA OK (1.26s)
2026-03-05 12:27:30,787 - ✅ Sccodev OK (1.89s)
2026-03-05 12:27:31,803 - ✅ NewRain OK (1.01s)
2026-03-05 12:27:51,280 - ⚠️ ODPC BAD RESPONSE (522)
2026-03-05 12:27:54,119 - 📧 Email sent: [ALERT] ODPC failed test
2026-03-05 12:27:55,181 - ✅ AgentAssistant OK (1.06s)
2026-03-05 12:27:56,292 - ✅ Ammerah OK (1.11s)
2026-03-05 12:27:57,270 - ✅ MPSR OK (0.98s)
2026-03-05 12:27:58,288 - ⚠️ SHE BAD RESPONSE (502)
2026-03-05 12:28:00,806 - 📧 Email sent: [ALERT] SHE failed test
2026-03-05 12:28:01,900 - ✅ NyumbaCinema OK (1.09s)
2026-03-05 12:28:03,023 - ✅ BScompanion OK (1.12s)
2026-03-05 12:28:04,191 - ✅ RRM OK (1.17s)
2026-03-05 12:28:05,494 - ✅ ThinkSafety OK (1.3s)
2026-03-05 12:28:24,924 - ⚠️ Govbot BAD RESPONSE (522)
2026-03-05 12:28:27,743 - 📧 Email sent: [ALERT] Govbot failed test
2026-03-05 12:28:29,132 - ⚠️ SBD BAD RESPONSE (502)
2026-03-05 12:28:31,929 - 📧 Email sent: [ALERT] SBD failed test
2026-03-05 12:28:32,374 - ⚠️ BRS Company Registration BAD RESPONSE (405)
2026-03-05 12:28:34,972 - 📧 Email sent: [ALERT] BRS Company Registration failed test
2026-03-05 12:28:35,999 - ✅ BRS Companion OK (1.03s)
2026-03-05 12:28:36,972 - ✅ BS listing OK (0.97s)
2026-03-05 12:33:02,170 - ✅ KUESA OK (1.61s)
2026-03-05 12:33:03,736 - ✅ Sccodev OK (1.56s)
2026-03-05 12:33:04,753 - ✅ NewRain OK (1.01s)
2026-03-05 12:33:24,601 - ⚠️ ODPC BAD RESPONSE (522)
2026-03-05 12:33:27,275 - 📧 Email sent: [ALERT] ODPC failed test
2026-03-05 12:33:28,420 - ✅ AgentAssistant OK (1.14s)
2026-03-05 12:33:29,683 - ✅ Ammerah OK (1.26s)
2026-03-05 12:33:30,682 - ✅ MPSR OK (1.0s)
2026-03-05 12:33:31,928 - ⚠️ SHE BAD RESPONSE (502)
2026-03-05 12:33:35,298 - 📧 Email sent: [ALERT] SHE failed test
2026-03-05 12:33:36,674 - ✅ NyumbaCinema OK (1.37s)
2026-03-05 12:33:38,073 - ✅ BScompanion OK (1.4s)
2026-03-05 12:33:38,991 - ✅ RRM OK (0.92s)
2026-03-05 12:33:39,980 - ✅ ThinkSafety OK (0.99s)
2026-03-05 12:33:59,782 - ⚠️ Govbot BAD RESPONSE (522)
2026-03-05 12:34:02,811 - 📧 Email sent: [ALERT] Govbot failed test
2026-03-05 12:34:04,141 - ⚠️ SBD BAD RESPONSE (502)
2026-03-05 12:34:07,090 - 📧 Email sent: [ALERT] SBD failed test
2026-03-05 12:34:07,527 - ⚠️ BRS Company Registration BAD RESPONSE (405)
2026-03-05 12:34:11,073 - 📧 Email sent: [ALERT] BRS Company Registration failed test
2026-03-05 12:34:11,987 - ✅ BRS Companion OK (0.91s)
2026-03-05 12:34:12,984 - ✅ BS listing OK (0.99s)
2026-03-05 12:35:35,382 - ✅ KUESA OK (1.28s)
2026-03-05 12:35:36,814 - ✅ Sccodev OK (1.43s)
2026-03-05 12:35:38,012 - ✅ NewRain OK (1.2s)
2026-03-05 12:35:57,688 - ⚠️ ODPC BAD RESPONSE (522)
2026-03-05 12:36:01,289 - 📧 Email sent: [ALERT] ODPC failed test
2026-03-05 12:36:02,625 - ✅ AgentAssistant OK (1.33s)
2026-03-05 12:36:04,055 - ✅ Ammerah OK (1.43s)
2026-03-05 12:36:05,208 - ✅ MPSR OK (1.15s)
2026-03-05 12:36:06,169 - ⚠️ SHE BAD RESPONSE (502)
2026-03-05 12:36:08,676 - 📧 Email sent: [ALERT] SHE failed test
2026-03-05 12:36:09,603 - ✅ NyumbaCinema OK (0.92s)
2026-03-05 12:36:10,581 - ✅ BScompanion OK (0.98s)
2026-03-05 12:36:11,837 - ✅ RRM OK (1.25s)
2026-03-05 12:36:13,026 - ✅ ThinkSafety OK (1.19s)
2026-03-05 12:36:32,361 - ⚠️ Govbot BAD RESPONSE (522)
2026-03-05 12:36:35,425 - 📧 Email sent: [ALERT] Govbot failed test
2026-03-05 12:36:36,370 - ⚠️ SBD BAD RESPONSE (502)
2026-03-05 12:36:39,280 - 📧 Email sent: [ALERT] SBD failed test
2026-03-05 12:36:39,732 - ⚠️ BRS Company Registration BAD RESPONSE (405)
2026-03-05 12:36:42,485 - 📧 Email sent: [ALERT] BRS Company Registration failed test
2026-03-05 12:36:43,582 - ✅ BRS Companion OK (1.1s)
2026-03-05 12:36:44,913 - ✅ BS listing OK (1.33s)
2026-03-05 12:53:48,521 - ✅ KUESA OK (1.38s)
2026-03-05 12:53:49,870 - ✅ Sccodev OK (1.35s)
2026-03-05 12:53:51,388 - ✅ NewRain OK (1.52s)
2026-03-05 12:54:10,947 - ⚠️ ODPC BAD RESPONSE (522)
2026-03-05 12:54:14,325 - 📧 Email sent: [ALERT] ODPC failed test
2026-03-05 12:54:15,862 - ✅ AgentAssistant OK (1.54s)
2026-03-05 12:54:17,091 - ✅ Ammerah OK (1.23s)
2026-03-05 12:54:18,381 - ✅ MPSR OK (1.29s)
2026-03-05 12:54:19,301 - ⚠️ SHE BAD RESPONSE (502)
2026-03-05 12:54:22,107 - 📧 Email sent: [ALERT] SHE failed test
2026-03-05 12:54:23,441 - ✅ NyumbaCinema OK (1.33s)
2026-03-05 12:54:25,083 - ✅ BScompanion OK (1.64s)
2026-03-05 12:54:26,393 - ✅ RRM OK (1.31s)
2026-03-05 12:54:27,383 - ✅ ThinkSafety OK (0.99s)
2026-03-05 12:54:28,212 - ✅ Govbot OK (0.83s)
2026-03-05 12:54:29,202 - ⚠️ SBD BAD RESPONSE (502)
2026-03-05 12:54:32,550 - 📧 Email sent: [ALERT] SBD failed test
2026-03-05 12:54:33,070 - ⚠️ BRS Company Registration BAD RESPONSE (405)
2026-03-05 12:54:36,649 - 📧 Email sent: [ALERT] BRS Company Registration failed test
2026-03-05 12:54:38,156 - ✅ BRS Companion OK (1.51s)
2026-03-05 12:54:39,557 - ✅ BS listing OK (1.4s)
2026-03-05 13:10:36,882 - ✅ KUESA OK (1.05s)
2026-03-05 13:10:37,946 - ✅ Sccodev OK (1.06s)
2026-03-05 13:10:39,039 - ✅ NewRain OK (1.09s)
2026-03-05 13:10:58,428 - ⚠️ ODPC BAD RESPONSE (522)
2026-03-05 13:11:01,289 - 📧 Email sent: [ALERT] ODPC failed test
2026-03-05 13:11:02,341 - ✅ AgentAssistant OK (1.05s)
2026-03-05 13:11:03,406 - ✅ Ammerah OK (1.06s)
2026-03-05 13:11:04,445 - ✅ MPSR OK (1.04s)
2026-03-05 13:11:05,392 - ✅ SHE OK (0.95s)
2026-03-05 13:11:06,896 - ✅ NyumbaCinema OK (1.5s)
2026-03-05 13:11:08,088 - ✅ BScompanion OK (1.19s)
2026-03-05 13:11:09,291 - ✅ RRM OK (1.2s)
2026-03-05 13:11:10,275 - ✅ ThinkSafety OK (0.98s)
2026-03-05 13:11:10,874 - ⚠️ Govbot BAD RESPONSE (502)
2026-03-05 13:11:13,593 - 📧 Email sent: [ALERT] Govbot failed test
2026-03-05 13:11:14,851 - ⚠️ SBD BAD RESPONSE (502)
2026-03-05 13:11:17,770 - 📧 Email sent: [ALERT] SBD failed test
2026-03-05 13:11:18,258 - ⚠️ BRS Company Registration BAD RESPONSE (405)
2026-03-05 13:11:21,092 - 📧 Email sent: [ALERT] BRS Company Registration failed test
2026-03-05 13:11:22,079 - ✅ BRS Companion OK (0.99s)
2026-03-05 13:11:23,094 - ✅ BS listing OK (1.01s)
2026-03-05 14:20:25,099 - ✅ KUESA OK (1.06s)
2026-03-05 14:20:26,262 - ✅ Sccodev OK (1.16s)
2026-03-05 14:20:27,481 - ✅ NewRain OK (1.22s)
2026-03-05 14:20:47,170 - ⚠️ ODPC BAD RESPONSE (522)
2026-03-05 14:20:51,094 - 📧 Email sent: [ALERT] ODPC failed test
2026-03-05 14:20:52,176 - ✅ AgentAssistant OK (1.08s)
2026-03-05 14:20:53,605 - ✅ Ammerah OK (1.43s)
2026-03-05 14:20:55,140 - ✅ MPSR OK (1.53s)
2026-03-05 14:20:56,393 - ⚠️ SHE BAD RESPONSE (502)
2026-03-05 14:20:59,848 - 📧 Email sent: [ALERT] SHE failed test
2026-03-05 14:21:01,079 - ✅ NyumbaCinema OK (1.23s)
2026-03-05 14:21:02,253 - ⚠️ BScompanion BAD RESPONSE (502)
2026-03-05 14:21:04,955 - 📧 Email sent: [ALERT] BScompanion failed test
2026-03-05 14:21:05,956 - ✅ RRM OK (1.0s)
2026-03-05 14:21:06,953 - ✅ ThinkSafety OK (0.99s)
2026-03-05 14:21:07,741 - ⚠️ Govbot BAD RESPONSE (502)
2026-03-05 14:21:11,044 - 📧 Email sent: [ALERT] Govbot failed test
2026-03-05 14:21:12,046 - ⚠️ SBD BAD RESPONSE (502)
2026-03-05 14:21:14,950 - 📧 Email sent: [ALERT] SBD failed test
2026-03-05 14:21:15,365 - ⚠️ BRS Company Registration BAD RESPONSE (405)
2026-03-05 14:21:18,525 - 📧 Email sent: [ALERT] BRS Company Registration failed test
2026-03-05 14:21:19,450 - ✅ BRS Companion OK (0.92s)
2026-03-05 14:21:20,448 - ✅ BS listing OK (1.0s)
2026-03-05 14:33:55,348 - ✅ KUESA OK (1.04s)
2026-03-05 14:33:56,764 - ✅ Sccodev OK (1.41s)
2026-03-05 14:33:57,846 - ✅ NewRain OK (1.08s)
2026-03-05 14:34:17,572 - ⚠️ ODPC BAD RESPONSE (522)
2026-03-05 14:34:20,931 - 📧 Email sent: [ALERT] ODPC failed test
2026-03-05 14:34:22,177 - ✅ AgentAssistant OK (1.25s)
2026-03-05 14:34:23,492 - ✅ Ammerah OK (1.31s)
2026-03-05 14:34:24,490 - ✅ MPSR OK (1.0s)
2026-03-05 14:34:25,451 - ⚠️ SHE BAD RESPONSE (502)
2026-03-05 14:34:28,300 - 📧 Email sent: [ALERT] SHE failed test
2026-03-05 14:34:29,647 - ✅ NyumbaCinema OK (1.35s)
2026-03-05 14:34:30,547 - ⚠️ BScompanion BAD RESPONSE (502)
2026-03-05 14:34:33,527 - 📧 Email sent: [ALERT] BScompanion failed test
2026-03-05 14:34:34,755 - ✅ RRM OK (1.23s)
2026-03-05 14:34:35,861 - ✅ ThinkSafety OK (1.1s)
2026-03-05 14:34:36,714 - ⚠️ Govbot BAD RESPONSE (502)
2026-03-05 14:34:39,960 - 📧 Email sent: [ALERT] Govbot failed test
2026-03-05 14:34:41,412 - ⚠️ SBD BAD RESPONSE (502)
2026-03-05 14:34:45,098 - 📧 Email sent: [ALERT] SBD failed test
2026-03-05 14:34:45,507 - ⚠️ BRS Company Registration BAD RESPONSE (405)
2026-03-05 14:34:48,864 - 📧 Email sent: [ALERT] BRS Company Registration failed test
2026-03-05 14:34:50,144 - ✅ BRS Companion OK (1.28s)
2026-03-05 14:34:51,144 - ✅ BS listing OK (1.0s)
2026-03-05 15:28:16,089 - ✅ KUESA OK (1.35s)
2026-03-05 15:28:17,182 - ✅ Sccodev OK (1.09s)
2026-03-05 15:28:18,133 - ✅ NewRain OK (0.95s)
2026-03-05 15:28:37,521 - ⚠️ ODPC BAD RESPONSE (522)
2026-03-05 15:28:40,203 - 📧 Email sent: [ALERT] ODPC failed test
2026-03-05 15:28:41,120 - ✅ AgentAssistant OK (0.92s)
2026-03-05 15:28:42,150 - ✅ Ammerah OK (1.03s)
2026-03-05 15:28:43,118 - ✅ MPSR OK (0.97s)
2026-03-05 15:28:44,142 - ⚠️ SHE BAD RESPONSE (502)
2026-03-05 15:28:46,863 - 📧 Email sent: [ALERT] SHE failed test
2026-03-05 15:28:48,203 - ✅ NyumbaCinema OK (1.34s)
2026-03-05 15:28:49,368 - ✅ BScompanion OK (1.16s)
2026-03-05 15:28:50,319 - ✅ RRM OK (0.95s)
2026-03-05 15:28:51,317 - ✅ ThinkSafety OK (1.0s)
2026-03-05 15:28:52,138 - ⚠️ Govbot BAD RESPONSE (502)
2026-03-05 15:28:54,543 - 📧 Email sent: [ALERT] Govbot failed test
2026-03-05 15:28:55,529 - ⚠️ SBD BAD RESPONSE (502)
2026-03-05 15:28:58,014 - 📧 Email sent: [ALERT] SBD failed test
2026-03-05 15:28:58,458 - ⚠️ BRS Company Registration BAD RESPONSE (405)
2026-03-05 15:29:01,208 - 📧 Email sent: [ALERT] BRS Company Registration failed test
2026-03-05 15:29:02,368 - ✅ BRS Companion OK (1.16s)
2026-03-05 15:29:03,422 - ✅ BS listing OK (1.05s)
2026-03-06 09:32:55,783 - ✅ KUESA OK (0.98s)
2026-03-06 09:32:56,811 - ✅ Sccodev OK (1.03s)
2026-03-06 09:32:57,795 - ✅ NewRain OK (0.98s)
2026-03-06 09:33:17,365 - ⚠️ ODPC BAD RESPONSE (522)
2026-03-06 09:33:21,730 - 📧 Email sent: [ALERT] ODPC failed test
2026-03-06 09:33:22,802 - ✅ AgentAssistant OK (1.07s)
2026-03-06 09:33:23,934 - ✅ Ammerah OK (1.13s)
2026-03-06 09:33:27,374 - ✅ MPSR OK (3.44s)
2026-03-06 09:33:28,392 - ✅ SHE OK (1.02s)
2026-03-06 09:33:29,506 - ✅ NyumbaCinema OK (1.11s)
2026-03-06 09:33:30,497 - ✅ BScompanion OK (0.99s)
2026-03-06 09:33:31,554 - ✅ RRM OK (1.05s)
2026-03-06 09:33:32,600 - ✅ ThinkSafety OK (1.04s)
2026-03-06 09:33:33,395 - ✅ Govbot OK (0.79s)
2026-03-06 09:33:34,390 - ⚠️ SBD BAD RESPONSE (502)
2026-03-06 09:33:36,838 - 📧 Email sent: [ALERT] SBD failed test
2026-03-06 09:33:37,206 - ⚠️ BRS Company Registration BAD RESPONSE (405)
2026-03-06 09:33:40,358 - 📧 Email sent: [ALERT] BRS Company Registration failed test
2026-03-06 09:33:41,294 - ✅ BRS Companion OK (0.94s)
2026-03-06 09:33:42,286 - ✅ BS listing OK (0.99s)
2026-03-06 09:36:36,452 - ✅ KUESA OK (1.06s)
2026-03-06 09:36:37,424 - ✅ Sccodev OK (0.97s)
2026-03-06 09:36:38,561 - ✅ NewRain OK (1.13s)
2026-03-06 09:36:58,041 - ⚠️ ODPC BAD RESPONSE (522)
2026-03-06 09:37:02,435 - 📧 Email sent: [ALERT] ODPC failed test
2026-03-06 09:37:04,280 - ✅ AgentAssistant OK (1.84s)
2026-03-06 09:37:05,714 - ✅ Ammerah OK (1.43s)
2026-03-06 09:37:07,050 - ✅ MPSR OK (1.33s)
2026-03-06 09:37:08,018 - ✅ SHE OK (0.97s)
2026-03-06 09:37:09,043 - ✅ NyumbaCinema OK (1.02s)
2026-03-06 09:37:10,427 - ✅ BScompanion OK (1.38s)
2026-03-06 09:37:11,553 - ✅ RRM OK (1.12s)
2026-03-06 09:37:13,070 - ✅ ThinkSafety OK (1.51s)
2026-03-06 09:37:14,158 - ✅ Govbot OK (1.09s)
2026-03-06 09:37:15,582 - ⚠️ SBD BAD RESPONSE (502)
2026-03-06 09:37:20,258 - 📧 Email sent: [ALERT] SBD failed test
2026-03-06 09:37:20,974 - ⚠️ BRS Company Registration BAD RESPONSE (405)
2026-03-06 09:37:24,456 - 📧 Email sent: [ALERT] BRS Company Registration failed test
2026-03-06 09:37:25,993 - ✅ BRS Companion OK (1.54s)
2026-03-06 09:37:27,325 - ✅ BS listing OK (1.33s)
2026-03-09 09:49:54,006 - ✅ KUESA OK (0.9s)
2026-03-09 09:49:54,965 - ✅ Sccodev OK (0.96s)
2026-03-09 09:49:56,009 - ✅ NewRain OK (1.04s)
2026-03-09 09:50:15,549 - ⚠️ ODPC BAD RESPONSE (522)
2026-03-09 09:50:19,444 - 📧 Email sent: [ALERT] ODPC failed test
2026-03-09 09:50:20,669 - ✅ AgentAssistant OK (1.22s)
2026-03-09 09:50:22,305 - ✅ Ammerah OK (1.63s)
2026-03-09 09:50:23,841 - ✅ MPSR OK (1.53s)
2026-03-09 09:50:25,068 - ✅ SHE OK (1.22s)
2026-03-09 09:50:26,415 - ✅ NyumbaCinema OK (1.34s)
2026-03-09 09:50:27,337 - ✅ BScompanion OK (0.92s)
2026-03-09 09:50:28,332 - ✅ RRM OK (0.99s)
2026-03-09 09:50:29,270 - ✅ ThinkSafety OK (0.94s)
2026-03-09 09:50:30,186 - ✅ Govbot OK (0.91s)
2026-03-09 09:50:31,091 - ✅ SBD OK (0.9s)
2026-03-09 09:50:31,508 - ⚠️ BRS Company Registration BAD RESPONSE (405)
2026-03-09 09:50:34,697 - 📧 Email sent: [ALERT] BRS Company Registration failed test
2026-03-09 09:50:35,927 - ✅ BRS Companion OK (1.23s)
2026-03-09 09:50:37,361 - ✅ BS listing OK (1.43s)
2026-03-10 10:19:23,134 - ✅ KUESA OK (1.48s)
2026-03-10 10:19:24,108 - ✅ Sccodev OK (0.97s)
2026-03-10 10:19:25,012 - ✅ NewRain OK (0.9s)
2026-03-10 10:19:25,371 - ⚠️ ODPC BAD RESPONSE (405)
2026-03-10 10:19:28,247 - 📧 Email sent: [ALERT] ODPC failed test
2026-03-10 10:19:29,167 - ✅ AgentAssistant OK (0.92s)
2026-03-10 10:19:30,065 - ✅ Ammerah OK (0.9s)
2026-03-10 10:19:31,067 - ✅ MPSR OK (1.0s)
2026-03-10 10:19:31,976 - ✅ SHE OK (0.91s)
2026-03-10 10:19:32,999 - ✅ NyumbaCinema OK (1.02s)
2026-03-10 10:19:33,920 - ✅ BScompanion OK (0.92s)
2026-03-10 10:19:34,831 - ✅ RRM OK (0.91s)
2026-03-10 10:19:35,851 - ✅ ThinkSafety OK (1.02s)
2026-03-10 10:19:36,734 - ✅ Govbot OK (0.88s)
2026-03-10 10:19:37,782 - ✅ SBD OK (1.04s)
2026-03-10 10:19:38,205 - ⚠️ BRS Company Registration BAD RESPONSE (405)
2026-03-10 10:19:41,190 - 📧 Email sent: [ALERT] BRS Company Registration failed test
2026-03-10 10:19:42,155 - ✅ BRS Companion OK (0.97s)
2026-03-10 10:19:43,095 - ✅ BS listing OK (0.94s)
2026-03-10 10:33:22,878 - ✅ KUESA OK (1.37s)
2026-03-10 10:33:24,782 - ✅ Sccodev OK (1.9s)
2026-03-10 10:33:25,838 - ✅ NewRain OK (1.05s)
2026-03-10 10:33:26,221 - ⚠️ ODPC BAD RESPONSE (405)
2026-03-10 10:33:29,430 - 📧 Email sent: [ALERT] ODPC failed test
2026-03-10 10:33:30,439 - ✅ AgentAssistant OK (1.01s)
2026-03-10 10:33:31,531 - ✅ Ammerah OK (1.09s)
2026-03-10 10:33:32,497 - ✅ MPSR OK (0.96s)
2026-03-10 10:33:33,473 - ✅ SHE OK (0.97s)
2026-03-10 10:33:34,464 - ✅ NyumbaCinema OK (0.99s)
2026-03-10 10:33:35,431 - ✅ BScompanion OK (0.96s)
2026-03-10 10:33:36,448 - ✅ RRM OK (1.01s)
2026-03-10 10:33:37,412 - ✅ ThinkSafety OK (0.96s)
2026-03-10 10:33:38,303 - ✅ Govbot OK (0.89s)
2026-03-10 10:33:39,330 - ✅ SBD OK (1.02s)
2026-03-10 10:33:39,740 - ⚠️ BRS Company Registration BAD RESPONSE (405)
2026-03-10 10:33:42,572 - 📧 Email sent: [ALERT] BRS Company Registration failed test
2026-03-10 10:33:43,519 - ✅ BRS Companion OK (0.95s)
2026-03-10 10:33:44,532 - ✅ BS listing OK (1.01s)
2026-03-10 12:08:35,629 - ✅ KUESA OK (0.9s)
2026-03-10 12:08:36,582 - ✅ Sccodev OK (0.95s)
2026-03-10 12:08:37,950 - ✅ NewRain OK (1.37s)
2026-03-10 12:08:38,540 - ⚠️ ODPC BAD RESPONSE (405)
2026-03-10 12:08:43,186 - 📧 Email sent: [ALERT] ODPC failed test
2026-03-10 12:08:45,079 - ✅ AgentAssistant OK (1.89s)
2026-03-10 12:08:46,106 - ✅ Ammerah OK (1.03s)
2026-03-10 12:08:47,164 - ✅ MPSR OK (1.06s)
2026-03-10 12:08:48,085 - ✅ SHE OK (0.92s)
2026-03-10 12:08:49,111 - ✅ NyumbaCinema OK (1.03s)
2026-03-10 12:08:50,184 - ✅ BScompanion OK (1.07s)
2026-03-10 12:08:51,180 - ✅ RRM OK (0.99s)
2026-03-10 12:08:52,152 - ✅ ThinkSafety OK (0.97s)
2026-03-10 12:08:53,391 - ✅ Govbot OK (1.24s)
2026-03-10 12:08:54,573 - ✅ SBD OK (1.18s)
2026-03-10 12:08:55,055 - ⚠️ BRS Company Registration BAD RESPONSE (405)
2026-03-10 12:08:58,290 - 📧 Email sent: [ALERT] BRS Company Registration failed test
2026-03-10 12:08:59,350 - ✅ BRS Companion OK (1.06s)
2026-03-10 12:09:00,359 - ✅ BS listing OK (1.01s)
2026-03-10 12:19:01,253 - ✅ KUESA OK (1.04s)
2026-03-10 12:19:02,181 - ✅ Sccodev OK (0.93s)
2026-03-10 12:19:03,151 - ✅ NewRain OK (0.97s)
2026-03-10 12:19:03,526 - ⚠️ ODPC BAD RESPONSE (405)
2026-03-10 12:19:06,711 - 📧 Email sent: [ALERT] ODPC failed test
2026-03-10 12:19:07,804 - ✅ AgentAssistant OK (1.09s)
2026-03-10 12:19:08,700 - ✅ Ammerah OK (0.89s)
2026-03-10 12:19:09,573 - ✅ MPSR OK (0.87s)
2026-03-10 12:19:10,445 - ✅ SHE OK (0.87s)
2026-03-10 12:19:11,371 - ✅ NyumbaCinema OK (0.92s)
2026-03-10 12:19:12,382 - ✅ BScompanion OK (1.01s)
2026-03-10 12:19:13,300 - ✅ RRM OK (0.91s)
2026-03-10 12:19:14,215 - ✅ ThinkSafety OK (0.91s)
2026-03-10 12:19:15,349 - ✅ Govbot OK (1.13s)
2026-03-10 12:19:16,322 - ✅ SBD OK (0.97s)
2026-03-10 12:19:16,736 - ⚠️ BRS Company Registration BAD RESPONSE (405)
2026-03-10 12:19:20,060 - 📧 Email sent: [ALERT] BRS Company Registration failed test
2026-03-10 12:19:21,152 - ✅ BRS Companion OK (1.09s)
2026-03-10 12:19:22,175 - ✅ BS listing OK (1.02s)
2026-03-10 12:21:33,447 - ✅ KUESA OK (1.04s)
2026-03-10 12:21:34,676 - ✅ Sccodev OK (1.23s)
2026-03-10 12:21:35,724 - ✅ NewRain OK (1.05s)
2026-03-10 12:21:36,060 - ⚠️ ODPC BAD RESPONSE (405)
2026-03-10 12:21:39,079 - 📧 Email sent: [ALERT] ODPC failed test
2026-03-10 12:21:40,429 - ✅ AgentAssistant OK (1.35s)
2026-03-10 12:21:41,564 - ✅ Ammerah OK (1.13s)
2026-03-10 12:21:42,406 - ✅ MPSR OK (0.84s)
2026-03-10 12:21:43,346 - ✅ SHE OK (0.94s)
2026-03-10 12:21:44,251 - ✅ NyumbaCinema OK (0.9s)
2026-03-10 12:21:45,104 - ✅ BScompanion OK (0.85s)
2026-03-10 12:21:46,144 - ✅ RRM OK (1.04s)
2026-03-10 12:21:47,197 - ✅ ThinkSafety OK (1.05s)
2026-03-10 12:21:48,195 - ✅ Govbot OK (1.0s)
2026-03-10 12:21:49,134 - ✅ SBD OK (0.94s)
2026-03-10 12:21:49,539 - ⚠️ BRS Company Registration BAD RESPONSE (405)
2026-03-10 12:21:52,082 - 📧 Email sent: [ALERT] BRS Company Registration failed test
2026-03-10 12:21:53,208 - ✅ BRS Companion OK (1.13s)
2026-03-10 12:21:54,335 - ✅ BS listing OK (1.13s)
2026-03-10 12:26:02,842 - ✅ KUESA OK (0.91s)
2026-03-10 12:26:03,805 - ✅ Sccodev OK (0.96s)
2026-03-10 12:26:05,176 - ✅ NewRain OK (1.37s)
2026-03-10 12:26:05,636 - ⚠️ ODPC BAD RESPONSE (405)
2026-03-10 12:26:08,702 - 📧 Email sent: [ALERT] ODPC failed test
2026-03-10 12:26:10,328 - ✅ AgentAssistant OK (1.63s)
2026-03-10 12:26:11,560 - ✅ Ammerah OK (1.23s)
2026-03-10 12:26:12,691 - ✅ MPSR OK (1.13s)
2026-03-10 12:26:14,428 - ✅ SHE OK (1.73s)
2026-03-10 12:26:15,758 - ✅ NyumbaCinema OK (1.33s)
2026-03-10 12:26:17,093 - ✅ BScompanion OK (1.33s)
2026-03-10 12:26:18,223 - ✅ RRM OK (1.13s)
2026-03-10 12:26:19,649 - ✅ ThinkSafety OK (1.42s)
2026-03-10 12:26:20,776 - ✅ Govbot OK (1.12s)
2026-03-10 12:26:22,312 - ✅ SBD OK (1.53s)
2026-03-10 12:26:23,028 - ⚠️ BRS Company Registration BAD RESPONSE (405)
2026-03-10 12:26:26,817 - 📧 Email sent: [ALERT] BRS Company Registration failed test
2026-03-10 12:26:28,148 - ✅ BRS Companion OK (1.33s)
2026-03-10 12:26:29,480 - ✅ BS listing OK (1.33s)
2026-03-10 12:28:01,227 - ✅ KUESA OK (1.26s)
2026-03-10 12:28:02,233 - ✅ Sccodev OK (1.0s)
2026-03-10 12:28:03,143 - ✅ NewRain OK (0.91s)
2026-03-10 12:28:03,516 - ⚠️ ODPC BAD RESPONSE (502)
2026-03-10 12:28:06,654 - 📧 Email sent: [ALERT] ODPC failed test
2026-03-10 12:28:07,725 - ✅ AgentAssistant OK (1.07s)
2026-03-10 12:28:08,938 - ✅ Ammerah OK (1.21s)
2026-03-10 12:28:10,090 - ✅ MPSR OK (1.15s)
2026-03-10 12:28:11,089 - ✅ SHE OK (1.0s)
2026-03-10 12:28:11,956 - ✅ NyumbaCinema OK (0.87s)
2026-03-10 12:28:12,873 - ✅ BScompanion OK (0.92s)
2026-03-10 12:28:13,930 - ✅ RRM OK (1.05s)
2026-03-10 12:28:15,155 - ✅ ThinkSafety OK (1.22s)
2026-03-10 12:28:16,074 - ✅ Govbot OK (0.92s)
2026-03-10 12:28:17,409 - ✅ SBD OK (1.33s)
2026-03-10 12:28:17,816 - ⚠️ BRS Company Registration BAD RESPONSE (405)
2026-03-10 12:28:21,740 - 📧 Email sent: [ALERT] BRS Company Registration failed test
2026-03-10 12:28:23,141 - ✅ BRS Companion OK (1.4s)
2026-03-10 12:28:24,161 - ✅ BS listing OK (1.02s)
